// Jest Snapshot v1, https://goo.gl/fbAQLP

exports[`should run 1`] = `
<a
  class="flex flex-col p-4 items-center justify-between group"
  href="https://example.com"
  title="Title - Link Text"
>
  <img
    alt="Title - Link Text"
    class="w-16 h-16"
    src="https://example.com/img.jpg"
  />
  <div
    class="text-xl"
  >
    Title
  </div>
  <div
    class="after:chevron"
  >
    Link Text
  </div>
</a>
`;
