// Jest Snapshot v1, https://goo.gl/fbAQLP

exports[`Timeline should render correctly 1`] = `
<div
  class="timeline"
>
  <div
    class="relative"
  >
    <div>
      <div
        class="timeline-event active"
      >
        <div
          class="text-xl font-medium"
        >
          November 2020 - November 2020
        </div>
        <div>
          <div
            class="text-xl font-bold"
          >
            Test
          </div>
          <div
            class="italic"
          >
            Subtest
          </div>
          <div
            class="text-gray-600"
          >
            Very long description
          </div>
        </div>
      </div>
    </div>
    <div>
      <div
        class="timeline-event"
      >
        <div
          class="text-xl font-medium"
        >
          November 2020
        </div>
        <div>
          <div
            class="text-xl font-bold"
          >
            Test 2
          </div>
          <div
            class="italic"
          >
            Subtest - even more test
          </div>
          <div
            class="text-gray-600"
          >
            Very long description - much longer than before
          </div>
        </div>
      </div>
    </div>
    <div>
      <div
        class="timeline-event active"
      >
        <div
          class="text-xl font-medium"
        >
          November 2020 - Now
        </div>
        <div>
          <div
            class="text-xl font-bold"
          >
            Test 3
          </div>
          <div
            class="italic"
          >
            Subtest - even more test
          </div>
          <div
            class="text-gray-600"
          >
            Very long description - much longer than before
          </div>
        </div>
      </div>
    </div>
  </div>
</div>
`;
